// Jest Snapshot v1, https://goo.gl/fbAQLP

exports[`basic all props 1`] = `"<div class=\\"rmc rmc rmc-up\\" style=\\"width:100px\\"><div class=\\"rmc-content-wrapper\\"><div class=\\"rmc-content rmc-transition\\"><div><span>111</span></div><div class=\\"rmc-indicator\\">pull</div></div></div></div>"`;

exports[`basic base. 1`] = `"<div class=\\"rmc-pull-to-refresh rmc-pull-to-refresh-down\\"><div class=\\"rmc-pull-to-refresh-content-wrapper\\"><div class=\\"rmc-pull-to-refresh-content rmc-pull-to-refresh-transition\\"><div class=\\"rmc-pull-to-refresh-indicator\\">pull</div><div><div style=\\"height:50px\\">Item 1</div></div></div></div></div>"`;
